// Jest Snapshot v1, https://goo.gl/fbAQLP

exports[`<App /> Renders correctly 1`] = `
<View
  style={
    Object {
      "flex": 1,
    }
  }
>
  <RNCSafeAreaProvider
    onInsetsChange={[Function]}
    style={
      Array [
        Object {
          "flex": 1,
        },
        undefined,
      ]
    }
  >
    <View
      style={
        Array [
          Object {
            "backgroundColor": "rgb(242, 242, 242)",
            "flex": 1,
          },
          undefined,
        ]
      }
    >
      <RNSScreenContainer
        onLayout={[Function]}
        style={
          Object {
            "flex": 1,
          }
        }
      >
        <RNSScreen
          activityState={2}
          forwardedRef={[Function]}
          pointerEvents="box-none"
          style={
            Object {
              "bottom": 0,
              "left": 0,
              "position": "absolute",
              "right": 0,
              "top": 0,
            }
          }
        >
          <View
            collapsable={false}
            style={
              Object {
                "opacity": 1,
              }
            }
          />
          <View
            accessibilityElementsHidden={false}
            closing={false}
            gestureVelocityImpact={0.3}
            importantForAccessibility="auto"
            onClose={[Function]}
            onGestureBegin={[Function]}
            onGestureCanceled={[Function]}
            onGestureEnd={[Function]}
            onOpen={[Function]}
            onTransition={[Function]}
            pointerEvents="box-none"
            style={
              Array [
                Object {
                  "display": "flex",
                  "overflow": undefined,
                },
                Object {
                  "bottom": 0,
                  "left": 0,
                  "position": "absolute",
                  "right": 0,
                  "top": 0,
                },
              ]
            }
            transitionSpec={
              Object {
                "close": Object {
                  "animation": "spring",
                  "config": Object {
                    "damping": 500,
                    "mass": 3,
                    "overshootClamping": true,
                    "restDisplacementThreshold": 10,
                    "restSpeedThreshold": 10,
                    "stiffness": 1000,
                  },
                },
                "open": Object {
                  "animation": "spring",
                  "config": Object {
                    "damping": 500,
                    "mass": 3,
                    "overshootClamping": true,
                    "restDisplacementThreshold": 10,
                    "restSpeedThreshold": 10,
                    "stiffness": 1000,
                  },
                },
              }
            }
          >
            <View
              pointerEvents="box-none"
              style={
                Object {
                  "flex": 1,
                  "marginTop": 0,
                }
              }
            >
              <View
                collapsable={false}
                forwardedRef={[Function]}
                needsOffscreenAlphaCompositing={false}
                onGestureHandlerEvent={[Function]}
                onGestureHandlerStateChange={[Function]}
                style={
                  Object {
                    "flex": 1,
                    "transform": Array [
                      Object {
                        "translateX": 0,
                      },
                      Object {
                        "translateX": 0,
                      },
                    ],
                  }
                }
              >
                <View
                  style={
                    Array [
                      Object {
                        "flex": 1,
                        "overflow": "hidden",
                      },
                      Array [
                        Object {
                          "backgroundColor": "rgb(242, 242, 242)",
                        },
                        undefined,
                      ],
                    ]
                  }
                >
                  <View
                    style={
                      Object {
                        "flex": 1,
                        "flexDirection": "column-reverse",
                      }
                    }
                  >
                    <View
                      style={
                        Object {
                          "flex": 1,
                        }
                      }
                    >
                      <View
                        style={
                          Object {
                            "alignItems": "center",
                            "backgroundColor": "#d8b53d",
                            "flex": 1,
                          }
                        }
                      >
                        <View
                          style={
                            Object {
                              "backgroundColor": "#476971",
                              "borderRadius": 86,
                              "height": 1334,
                              "left": -400.2,
                              "position": "absolute",
                              "top": -1000.5,
                              "transform": Array [
                                Object {
                                  "rotate": "35deg",
                                },
                                Object {
                                  "translateX": 0,
                                },
                                Object {
                                  "translateY": 0,
                                },
                              ],
                              "width": 1334,
                            }
                          }
                        />
                        <View
                          style={
                            Object {
                              "bottom": 0,
                              "left": 0,
                              "position": "absolute",
                              "transform": Array [
                                Object {
                                  "translateX": 0,
                                },
                                Object {
                                  "translateY": 0,
                                },
                              ],
                            }
                          }
                        >
                          <RNSVGSvgView
                            bbHeight={350}
                            bbWidth={750}
                            focusable={false}
                            height={350}
                            style={
                              Array [
                                Object {
                                  "backgroundColor": "transparent",
                                  "borderWidth": 0,
                                },
                                Object {
                                  "flex": 0,
                                  "height": 350,
                                  "width": 750,
                                },
                              ]
                            }
                            width={750}
                          >
                            <RNSVGGroup>
                              <RNSVGPath
                                d="M-20 378.5C31.5 32.5 302.5 463 410 0C447.5 -285 375 644 500 644H0C0 644 -66.5 724.5 -17.5 378.5Z"
                                fill={4282870129}
                                propList={
                                  Array [
                                    "fill",
                                    "stroke",
                                  ]
                                }
                                stroke={4282870129}
                              />
                            </RNSVGGroup>
                          </RNSVGSvgView>
                        </View>
                        <View
                          style={
                            Object {
                              "backgroundColor": "#476971",
                              "borderRadius": 86,
                              "bottom": -133.4,
                              "height": 1334,
                              "left": -1467.4,
                              "position": "absolute",
                              "transform": Array [
                                Object {
                                  "rotate": "40deg",
                                },
                                Object {
                                  "translateX": 0,
                                },
                                Object {
                                  "translateY": 0,
                                },
                              ],
                              "width": 1334,
                            }
                          }
                        />
                        <Image
                          source={1}
                          style={
                            Object {
                              "height": 250,
                              "marginBottom": 40,
                              "marginTop": 60,
                              "width": 250,
                            }
                          }
                        />
                        <TextInput
                          allowFontScaling={true}
                          fontWeight="bold"
                          onChangeText={[Function]}
                          placeholder="Email"
                          placeholderTextColor="#476971"
                          rejectResponderTermination={true}
                          style={
                            Object {
                              "backgroundColor": "#ffe4e0",
                              "borderColor": "black",
                              "borderRadius": 25,
                              "borderWidth": 0,
                              "color": "#FFFFFF",
                              "height": 50,
                              "marginBottom": 15,
                              "padding": 10,
                              "paddingLeft": 20,
                              "width": "70%",
                            }
                          }
                          underlineColorAndroid="transparent"
                          value=""
                        />
                        <TextInput
                          allowFontScaling={true}
                          fontWeight="bold"
                          onChangeText={[Function]}
                          placeholder="Password"
                          placeholderTextColor="#476971"
                          rejectResponderTermination={true}
                          secureTextEntry={true}
                          style={
                            Object {
                              "backgroundColor": "#ffe4e0",
                              "borderColor": "black",
                              "borderRadius": 25,
                              "borderWidth": 0,
                              "color": "#FFFFFF",
                              "height": 50,
                              "marginBottom": 15,
                              "padding": 10,
                              "paddingLeft": 20,
                              "width": "70%",
                            }
                          }
                          underlineColorAndroid="transparent"
                          value=""
                        />
                        <View
                          accessible={true}
                          focusable={true}
                          onClick={[Function]}
                          onResponderGrant={[Function]}
                          onResponderMove={[Function]}
                          onResponderRelease={[Function]}
                          onResponderTerminate={[Function]}
                          onResponderTerminationRequest={[Function]}
                          onStartShouldSetResponder={[Function]}
                          style={
                            Object {
                              "height": 30,
                              "opacity": 1,
                            }
                          }
                        >
                          <Text
                            style={
                              Object {
                                "fontStyle": "italic",
                              }
                            }
                          >
                            Forgot Password?
                          </Text>
                        </View>
                        <View
                          accessible={true}
                          focusable={true}
                          onClick={[Function]}
                          onResponderGrant={[Function]}
                          onResponderMove={[Function]}
                          onResponderRelease={[Function]}
                          onResponderTerminate={[Function]}
                          onResponderTerminationRequest={[Function]}
                          onStartShouldSetResponder={[Function]}
                          style={
                            Object {
                              "alignItems": "center",
                              "backgroundColor": "#ec6767",
                              "borderRadius": 25,
                              "height": 50,
                              "justifyContent": "center",
                              "marginTop": 40,
                              "opacity": 1,
                              "width": "70%",
                            }
                          }
                        >
                          <Text
                            style={Object {}}
                          >
                            LOGIN
                          </Text>
                        </View>
                        <View
                          accessible={true}
                          focusable={true}
                          onClick={[Function]}
                          onResponderGrant={[Function]}
                          onResponderMove={[Function]}
                          onResponderRelease={[Function]}
                          onResponderTerminate={[Function]}
                          onResponderTerminationRequest={[Function]}
                          onStartShouldSetResponder={[Function]}
                          style={
                            Object {
                              "opacity": 1,
                            }
                          }
                        >
                          <Text
                            style={
                              Object {
                                "alignItems": "center",
                                "justifyContent": "center",
                                "marginTop": 15,
                              }
                            }
                          >
                            Signup
                          </Text>
                        </View>
                      </View>
                    </View>
                  </View>
                </View>
              </View>
            </View>
          </View>
        </RNSScreen>
      </RNSScreenContainer>
      <View
        pointerEvents="box-none"
        style={
          Object {
            "height": 44,
            "left": 0,
            "position": "absolute",
            "right": 0,
            "top": 0,
            "zIndex": 1,
          }
        }
      />
    </View>
  </RNCSafeAreaProvider>
</View>
`;
