// Jest Snapshot v1, https://goo.gl/fbAQLP

exports[`<Progress /> Renders correctly 1`] = `
<View
  style={
    Object {
      "flex": 1,
    }
  }
>
  <RNCSafeAreaProvider
    onInsetsChange={[Function]}
    style={
      Array [
        Object {
          "flex": 1,
        },
        undefined,
      ]
    }
  >
    <RNSScreenStack
      style={
        Object {
          "flex": 1,
        }
      }
    >
      <RNSScreen
        forwardedRef={[Function]}
        onAppear={[Function]}
        onDisappear={[Function]}
        onDismissed={[Function]}
        onWillDisappear={[Function]}
        replaceAnimation="push"
        stackPresentation="push"
        style={
          Object {
            "bottom": 0,
            "left": 0,
            "position": "absolute",
            "right": 0,
            "top": 0,
          }
        }
      >
        <RNSScreenStackHeaderConfig
          backButtonInCustomView={false}
          backgroundColor="#202c40"
          color="rgb(0, 122, 255)"
          direction="ltr"
          disableBackButtonMenu={false}
          hidden={false}
          hideBackButton={false}
          hideShadow={false}
          largeTitleHideShadow={false}
          title="Progress"
          titleColor="rgb(28, 28, 30)"
          topInsetEnabled={false}
          translucent={false}
        />
        <View
          style={
            Array [
              Object {
                "flex": 1,
              },
              Object {
                "backgroundColor": "rgb(242, 242, 242)",
              },
              undefined,
            ]
          }
        >
          <View
            style={
              Object {
                "alignItems": "center",
                "backgroundColor": undefined,
                "flex": 1,
                "justifyContent": "center",
              }
            }
          >
            <View
              accessible={true}
              focusable={true}
              onClick={[Function]}
              onResponderGrant={[Function]}
              onResponderMove={[Function]}
              onResponderRelease={[Function]}
              onResponderTerminate={[Function]}
              onResponderTerminationRequest={[Function]}
              onStartShouldSetResponder={[Function]}
              style={
                Object {
                  "alignItems": "center",
                  "backgroundColor": "#476971",
                  "borderRadius": 25,
                  "justifyContent": "center",
                  "margin": 10,
                  "opacity": 1,
                  "padding": 10,
                  "width": "50%",
                }
              }
            >
              <Text
                style={
                  Object {
                    "color": undefined,
                  }
                }
              >
                Overview
              </Text>
            </View>
            <View
              accessible={true}
              focusable={true}
              onClick={[Function]}
              onResponderGrant={[Function]}
              onResponderMove={[Function]}
              onResponderRelease={[Function]}
              onResponderTerminate={[Function]}
              onResponderTerminationRequest={[Function]}
              onStartShouldSetResponder={[Function]}
              style={
                Object {
                  "alignItems": "center",
                  "backgroundColor": "#476971",
                  "borderRadius": 25,
                  "justifyContent": "center",
                  "margin": 10,
                  "opacity": 1,
                  "padding": 10,
                  "width": "50%",
                }
              }
            >
              <Text
                style={
                  Object {
                    "color": undefined,
                  }
                }
              >
                Challenges
              </Text>
            </View>
            <View
              accessible={true}
              focusable={true}
              onClick={[Function]}
              onResponderGrant={[Function]}
              onResponderMove={[Function]}
              onResponderRelease={[Function]}
              onResponderTerminate={[Function]}
              onResponderTerminationRequest={[Function]}
              onStartShouldSetResponder={[Function]}
              style={
                Object {
                  "alignItems": "center",
                  "backgroundColor": "#476971",
                  "borderRadius": 25,
                  "justifyContent": "center",
                  "margin": 10,
                  "opacity": 1,
                  "padding": 10,
                  "width": "50%",
                }
              }
            >
              <Text
                style={
                  Object {
                    "color": undefined,
                  }
                }
              >
                Achievements
              </Text>
            </View>
          </View>
        </View>
      </RNSScreen>
    </RNSScreenStack>
  </RNCSafeAreaProvider>
</View>
`;
